[L3_4C36L] ep=60/300 makespan=325.0 done=36/36 hardExecuted=0 best=score=372.024 seen=372.024 val=n/a updates=3760
[L3_4C36L] ep=120/300 makespan=480.5 done=36/36 hardExecuted=0 best=score=372.024 seen=372.024 val=n/a updates=4000
[L3_4C36L] ep=180/300 makespan=348.6 done=36/36 hardExecuted=0 best=score=372.024 seen=372.024 val=n/a updates=4240
[L3_4C36L] ep=240/300 makespan=396.5 done=36/36 hardExecuted=0 best=score=372.024 seen=372.024 val=n/a updates=4480
[L3_4C36L] ep=300/300 makespan=329.5 done=36/36 hardExecuted=0 best=score=372.024 seen=372.024 val=n/a updates=4720
{
  "level": {
    "level": {
      "name": "L3_4C36L",
      "num_cranes": 4,
      "num_lifts": 36,
      "max_steps": 380
    },
    "episodes": 300,
    "config": {
      "num_cranes": 4,
      "num_lifts": 36,
      "fixed_duration": 25.0,
      "setup_time": 10.0,
      "crane_radius": 18.0,
      "candidate_k": 5,
      "max_steps": 380,
      "base_seed": 101,
      "seed_runs": 10,
      "train_episodes": 300,
      "seen_seed_start": 101,
      "seen_seed_count": 10,
      "unseen_seed_start": 201,
      "unseen_seed_count": 30,
      "reward": {
        "r_single": 10.0,
        "r_all": 100.0,
        "r_same": 3.0,
        "p_idle": -0.5,
        "p_inter_soft": -3.0,
        "p_time": -0.1,
        "p_move": -0.02,
        "soft_buffer": 6.0
      },
      "mappo": {
        "gamma": 0.92,
        "gae_lambda": 0.95,
        "actor_lr": 0.001,
        "critic_lr": 0.002,
        "clip_eps": 0.2,
        "entropy_coef": 0.01,
        "value_coef": 0.5,
        "max_grad_norm": 0.5,
        "update_epochs": 4,
        "minibatch_size": 256,
        "hidden_dim": 96,
        "eps_start": 0.35,
        "eps_end": 0.05
      }
    },
    "levelModelPath": "/root/crane_rl_dashboard/python_mappo/outputs_curriculum_stabilized_l2/L3_4C36L_best_model.pt",
    "trainSummary": {
      "first10": {
        "n": 10,
        "completeRate": 100.0,
        "makespan": 387.5681,
        "makespanSd": 105.2670347197545,
        "reward": 364.97135181427,
        "soft": 12.0,
        "hardExecuted": 0.0,
        "hardMask": 31.6,
        "travel": 19.09549568909368,
        "setup": 160.0,
        "move": 190.95495689093678,
        "actualLiftRadius": 0.0,
        "actualDangerRadius": 0.0
      },
      "last20": {
        "n": 20,
        "completeRate": 100.0,
        "makespan": 391.01535000000007,
        "makespanSd": 66.68546043499663,
        "reward": 365.21005244255065,
        "soft": 9.85,
        "hardExecuted": 0.0,
        "hardMask": 28.35,
        "travel": 19.299826258319623,
        "setup": 176.5,
        "move": 192.9982625831962,
        "actualLiftRadius": 0.0,
        "actualDangerRadius": 0.0
      },
      "best": {
        "level": "L3_4C36L",
        "ep": 252,
        "seed": 102,
        "makespan": 278.735,
        "done": 36,
        "total": 36,
        "reward": 393.00986671447754,
        "soft": 8,
        "hardExecuted": 0,
        "hardMask": 1,
        "travel": 16.633784356284316,
        "setup": 140.0,
        "move": 166.33784356284315
      },
      "bestCheckpointSeen": {
        "n": 10,
        "completeRate": 100.0,
        "makespan": 372.02380000000005,
        "makespanSd": 46.91242147406164,
        "reward": 370.01365461349485,
        "soft": 9.3,
        "hardExecuted": 0.0,
        "hardMask": 21.3,
        "travel": 18.12114949360804,
        "setup": 173.0,
        "move": 181.2114949360804,
        "actualLiftRadius": 14.457400799423237,
        "actualDangerRadius": 20.457400799423233,
        "ep": 60,
        "level": "L3_4C36L",
        "selectionScore": 372.02380000000005
      }
    },
    "seen": {
      "mappo": {
        "n": 10,
        "completeRate": 100.0,
        "makespan": 372.02380000000005,
        "makespanSd": 46.91242147406164,
        "reward": 370.01365461349485,
        "soft": 9.3,
        "hardExecuted": 0.0,
        "hardMask": 21.3,
        "travel": 18.12114949360804,
        "setup": 173.0,
        "move": 181.2114949360804,
        "actualLiftRadius": 14.457400799423237,
        "actualDangerRadius": 20.457400799423233
      },
      "nearest": {
        "n": 10,
        "completeRate": 100.0,
        "makespan": 401.10819999999995,
        "makespanSd": 51.562945479869555,
        "reward": 362.97052471637727,
        "soft": 9.7,
        "hardExecuted": 0.0,
        "hardMask": 23.0,
        "travel": 19.9315875071731,
        "setup": 183.0,
        "move": 199.315875071731,
        "actualLiftRadius": 14.4883042967151,
        "actualDangerRadius": 20.488304296715103
      },
      "radiusPriority": {
        "n": 10,
        "completeRate": 100.0,
        "makespan": 401.10819999999995,
        "makespanSd": 51.562945479869555,
        "reward": 362.97052471637727,
        "soft": 9.7,
        "hardExecuted": 0.0,
        "hardMask": 23.0,
        "travel": 19.9315875071731,
        "setup": 183.0,
        "move": 199.315875071731,
        "actualLiftRadius": 14.4883042967151,
        "actualDangerRadius": 20.488304296715103
      },
      "random": {
        "n": 10,
        "completeRate": 100.0,
        "makespan": 427.5690000000001,
        "makespanSd": 58.39912717155967,
        "reward": 356.2821373939514,
        "soft": 10.0,
        "hardExecuted": 0.0,
        "hardMask": 32.2,
        "travel": 27.89288472278367,
        "setup": 188.0,
        "move": 278.92884722783674,
        "actualLiftRadius": 14.842174037137445,
        "actualDangerRadius": 20.842174037137447
      }
    },
    "unseen": {
      "mappo": {
        "n": 30,
        "completeRate": 100.0,
        "makespan": 374.0361,
        "makespanSd": 44.66439914394909,
        "reward": 364.82384886741636,
        "soft": 10.8,
        "hardExecuted": 0.0,
        "hardMask": 21.6,
        "travel": 17.03160933933737,
        "setup": 176.0,
        "move": 170.31609339337368,
        "actualLiftRadius": 14.604282604129315,
        "actualDangerRadius": 20.604282604129313
      },
      "nearest": {
        "n": 30,
        "completeRate": 100.0,
        "makespan": 399.45153333333326,
        "makespanSd": 69.05687356700193,
        "reward": 364.8728731870651,
        "soft": 8.9,
        "hardExecuted": 0.0,
        "hardMask": 24.4,
        "travel": 16.81264447280581,
        "setup": 187.33333333333334,
        "move": 168.1264447280581,
        "actualLiftRadius": 14.70481213678801,
        "actualDangerRadius": 20.70481213678801
      },
      "radiusPriority": {
        "n": 30,
        "completeRate": 100.0,
        "makespan": 399.45153333333326,
        "makespanSd": 69.05687356700193,
        "reward": 364.8728731870651,
        "soft": 8.9,
        "hardExecuted": 0.0,
        "hardMask": 24.4,
        "travel": 16.81264447280581,
        "setup": 187.33333333333334,
        "move": 168.1264447280581,
        "actualLiftRadius": 14.70481213678801,
        "actualDangerRadius": 20.70481213678801
      },
      "random": {
        "n": 30,
        "completeRate": 100.0,
        "makespan": 406.55983333333336,
        "makespanSd": 71.76981183017612,
        "reward": 351.21444625059763,
        "soft": 13.066666666666666,
        "hardExecuted": 0.0,
        "hardMask": 37.3,
        "travel": 20.451844835020395,
        "setup": 183.33333333333334,
        "move": 204.518448350204,
        "actualLiftRadius": 14.895165382684358,
        "actualDangerRadius": 20.895165382684354
      }
    },
    "representative": {
      "mappo": {
        "done": 36,
        "total": 36,
        "makespan": 366.314,
        "reward": 392.1157855987549,
        "softInter": 2,
        "hardExecuted": 0,
        "hardMask": 27,
        "hardInter": 27,
        "travelTotal": 21.280696042171442,
        "setupTotal": 170.0,
        "moveTotal": 212.80696042171442,
        "actualLiftRadiusAvg": 14.220586229215634,
        "actualDangerRadiusAvg": 20.220586229215634,
        "events": [
          {
            "craneId": "C1",
            "craneIndex": 0,
            "liftId": "L11",
            "liftIndex": 10,
            "start": 0.0,
            "finish": 25.0,
            "travel": 0.0,
            "setup": 0.0,
            "duration": 25.0,
            "fromX": 31.11770451068878,
            "fromY": 44.930363963358104,
            "toX": 31.11770451068878,
            "toY": 44.930363963358104,
            "radiusCenterX": 31.11770451068878,
            "radiusCenterY": 44.930363963358104,
            "liftX": 28.85309663042426,
            "liftY": 48.49846666213125,
            "actualLiftRadius": 4.226086336120971,
            "dangerRadius": 10.226086336120972,
            "sameRadius": true,
            "softConflict": 0,
            "hardMask": 0,
            "move": 0.0
          },
          {
            "craneId": "C2",
            "craneIndex": 1,
            "liftId": "L23",
            "liftIndex": 22,
            "start": 0.0,
            "finish": 25.0,
            "travel": 0.0,
            "setup": 0.0,
            "duration": 25.0,
            "fromX": 89.90581836737692,
            "fromY": 42.147667792625725,
            "toX": 89.90581836737692,
            "toY": 42.147667792625725,
            "radiusCenterX": 89.90581836737692,
            "radiusCenterY": 42.147667792625725,
            "liftX": 91.58120023086667,
            "liftY": 41.14399306382984,
            "actualLiftRadius": 1.9530149384308029,
            "dangerRadius": 7.953014938430803,
            "sameRadius": true,
            "softConflict": 0,
            "hardMask": 0,
            "move": 0.0
          },
          {
            "craneId": "C3",
            "craneIndex": 2,
            "liftId": "L6",
            "liftIndex": 5,
            "start": 0.0,
            "finish": 25.0,
            "travel": 0.0,
            "setup": 0.0,
            "duration": 25.0,
            "fromX": 66.5622300542891,
            "fromY": 19.810825287364423,
            "toX": 66.5622300542891,
            "toY": 19.810825287364423,
            "radiusCenterX": 66.5622300542891,
            "radiusCenterY": 19.810825287364423,
            "liftX": 53.44601599313319,
            "liftY": 25.600679737515748,
            "actualLiftRadius": 14.337276095967505,
            "dangerRadius": 20.337276095967503,
            "sameRadius": true,
            "softConflict": 0,
            "hardMask": 0,
            "move": 0.0
          },
          {
            "craneId": "C4",
            "craneIndex": 3,
            "liftId": "L2",
            "liftIndex": 1,
            "start": 0.0,
            "finish": 39.71333127158276,
            "travel": 4.713331271582756,
            "setup": 10.0,
            "duration": 25.0,
            "fromX": 81.791159985587,
            "fromY": 22.404718921519816,
            "toX": 66.26334474453799,
            "toY": 66.906810124157,
            "radiusCenterX": 66.26334474453799,
            "radiusCenterY": 66.906810124157,
            "liftX": 60.33334198780358,
            "liftY": 83.90195847023278,
            "actualLiftRadius": 18.0,
            "dangerRadius": 24.0,
            "sameRadius": false,
            "softConflict": 0,
            "hardMask": 0,
            "move": 47.133312715827564
          },
          {
            "craneId": "C1",
            "craneIndex": 0,
            "liftId": "L7",
            "liftIndex": 6,
            "start": 25.0,
            "finish": 50.0,
            "travel": 0.0,
            "setup": 0.0,
            "duration": 25.0,
            "fromX": 31.11770451068878,
            "fromY": 44.930363963358104,
            "toX": 31.11770451068878,
            "toY": 44.930363963358104,
            "radiusCenterX": 31.11770451068878,
            "radiusCenterY": 44.930363963358104,
            "liftX": 35.26979811862111,
            "liftY": 40.543107523582876,
            "actualLiftRadius": 6.040521533558317,
            "dangerRadius": 12.040521533558316,
            "sameRadius": true,
            "softConflict": 0,
            "hardMask": 0,
            "move": 0.0
          },
          {
            "craneId": "C2",
            "craneIndex": 1,
            "liftId": "L1",
            "liftIndex": 0,
            "start": 25.0,
            "finish": 50.0,
            "travel": 0.0,
            "setup": 0.0,
            "duration": 25.0,
            "fromX": 89.90581836737692,
            "fromY": 42.147667792625725,
            "toX": 89.90581836737692,
            "toY": 42.147667792625725,
            "radiusCenterX": 89.90581836737692,
            "radiusCenterY": 42.147667792625725,
            "liftX": 82.5925524905324,
            "liftY": 40.26401315908879,
            "actualLiftRadius": 7.551954221515361,
            "dangerRadius": 13.551954221515361,
            "sameRadius": true,
            "softConflict": 0,
            "hardMask": 0,
            "move": 0.0
          },
          {
            "craneId": "C3",
            "craneIndex": 2,
            "liftId": "L10",
            "liftIndex": 9,
            "start": 25.0,
            "finish": 50.0,
            "travel": 0.0,
            "setup": 0.0,
            "duration": 25.0,
            "fromX": 66.5622300542891,
            "fromY": 19.810825287364423,
            "toX": 66.5622300542891,
            "toY": 19.810825287364423,
            "radiusCenterX": 66.5622300542891,
            "radiusCenterY": 19.810825287364423,
            "liftX": 51.30927770026028,
            "liftY": 15.29373546410352,
            "actualLiftRadius": 15.907754586543023,
            "dangerRadius": 21.90775458654302,
            "sameRadius": true,
            "softConflict": 0,
            "hardMask": 0,
            "move": 0.0
          },
          {
            "craneId": "C4",
            "craneIndex": 3,
            "liftId": "L12",
            "liftIndex": 11,
            "start": 39.71333127158276,
            "finish": 64.71333127158276,
            "travel": 0.0,
            "setup": 0.0,
            "duration": 25.0,
            "fromX": 66.26334474453799,
            "fromY": 66.906810124157,
            "toX": 66.26334474453799,
            "toY": 66.906810124157,
            "radiusCenterX": 66.26334474453799,
            "radiusCenterY": 66.906810124157,
            "liftX": 66.0504937376827,
            "liftY": 65.9184260154143,
            "actualLiftRadius": 1.0110433707484687,
            "dangerRadius": 7.011043370748469,
            "sameRadius": true,
            "softConflict": 0,
            "hardMask": 0,
            "move": 0.0
          },
          {
            "craneId": "C1",
            "craneIndex": 0,
            "liftId": "L20",
            "liftIndex": 19,
            "start": 50.0,
            "finish": 75.0,
            "travel": 0.0,
            "setup": 0.0,
            "duration": 25.0,
            "fromX": 31.11770451068878,
            "fromY": 44.930363963358104,
            "toX": 31.11770451068878,
            "toY": 44.930363963358104,
            "radiusCenterX": 31.11770451068878,
            "radiusCenterY": 44.930363963358104,
            "liftX": 24.0555997248739,
            "liftY": 38.961755448020995,
            "actualLiftRadius": 9.246491854491849,
            "dangerRadius": 15.246491854491849,
            "sameRadius": true,
            "softConflict": 0,
            "hardMask": 0,
            "move": 0.0
          },
          {
            "craneId": "C2",
            "craneIndex": 1,
            "liftId": "L25",
            "liftIndex": 24,
            "start": 50.0,
            "finish": 75.0,
            "travel": 0.0,
            "setup": 0.0,
            "duration": 25.0,
            "fromX": 89.90581836737692,
            "fromY": 42.147667792625725,
            "toX": 89.90581836737692,
            "toY": 42.147667792625725,
            "radiusCenterX": 89.90581836737692,
            "radiusCenterY": 42.147667792625725,
            "liftX": 83.68214487284422,
            "liftY": 50.024180742911994,
            "actualLiftRadius": 10.038603888119912,
            "dangerRadius": 16.038603888119912,
            "sameRadius": true,
            "softConflict": 0,
            "hardMask": 0,
            "move": 0.0
          },
          {
            "craneId": "C3",
            "craneIndex": 2,
            "liftId": "L22",
            "liftIndex": 21,
            "start": 50.0,
            "finish": 75.0,
            "travel": 0.0,
            "setup": 0.0,
            "duration": 25.0,
            "fromX": 66.5622300542891,
            "fromY": 19.810825287364423,
            "toX": 66.5622300542891,
            "toY": 19.810825287364423,
            "radiusCenterX": 66.5622300542891,
            "radiusCenterY": 19.810825287364423,
            "liftX": 55.26374931074679,
            "liftY": 8.151180517859757,
            "actualLiftRadius": 16.235854867029147,
            "dangerRadius": 22.235854867029147,
            "sameRadius": true,
            "softConflict": 0,
            "hardMask": 0,
            "move": 0.0
          },
          {
            "craneId": "C4",
            "craneIndex": 3,
            "liftId": "L13",
            "liftIndex": 12,
            "start": 64.71333127158276,
            "finish": 89.71333127158276,
            "travel": 0.0,
            "setup": 0.0,
            "duration": 25.0,
            "fromX": 66.26334474453799,
            "fromY": 66.906810124157,
            "toX": 66.26334474453799,
            "toY": 66.906810124157,
            "radiusCenterX": 66.26334474453799,
            "radiusCenterY": 66.906810124157,
            "liftX": 63.89301720261574,
            "liftY": 60.28889368008822,
            "actualLiftRadius": 7.0295996128279725,
            "dangerRadius": 13.029599612827973,
            "sameRadius": true,
            "softConflict": 0,
            "hardMask": 0,
            "move": 0.0
          },
          {
            "craneId": "C1",
            "craneIndex": 0,
            "liftId": "L8",
            "liftIndex": 7,
            "start": 75.0,
            "finish": 100.0,
            "travel": 0.0,
            "setup": 0.0,
            "duration": 25.0,
            "fromX": 31.11770451068878,
            "fromY": 44.930363963358104,
            "toX": 31.11770451068878,
            "toY": 44.930363963358104,
            "radiusCenterX": 31.11770451068878,
            "radiusCenterY": 44.930363963358104,
            "liftX": 15.880401505157351,
            "liftY": 49.14508175943047,
            "actualLiftRadius": 15.809467068276092,
            "dangerRadius": 21.809467068276092,
            "sameRadius": true,
            "softConflict": 0,
            "hardMask": 0,
            "move": 0.0
          },
          {
            "craneId": "C2",
            "craneIndex": 1,
            "liftId": "L33",
            "liftIndex": 32,
            "start": 75.0,
            "finish": 100.0,
            "travel": 0.0,
            "setup": 0.0,
            "duration": 25.0,
            "fromX": 89.90581836737692,
            "fromY": 42.147667792625725,
            "toX": 89.90581836737692,
            "toY": 42.147667792625725,
            "radiusCenterX": 89.90581836737692,
            "radiusCenterY": 42.147667792625725,
            "liftX": 84.02353943139315,
            "liftY": 49.80174939613789,
            "actualLiftRadius": 9.653298434936207,
            "dangerRadius": 15.653298434936207,
            "sameRadius": true,
            "softConflict": 0,
            "hardMask": 0,
            "move": 0.0
          },
          {
            "craneId": "C3",
            "craneIndex": 2,
            "liftId": "L16",
            "liftIndex": 15,
            "start": 75.0,
            "finish": 110.0788686463331,
            "travel": 0.07886864633310899,
            "setup": 10.0,
            "duration": 25.0,
            "fromX": 66.5622300542891,
            "fromY": 19.810825287364423,
            "toX": 66.64176595089998,
            "toY": 20.595491062450865,
            "radiusCenterX": 66.64176595089998,
            "radiusCenterY": 20.595491062450865,
            "liftX": 68.4569944422692,
            "liftY": 38.50372786913067,
            "actualLiftRadius": 17.999999999999996,
            "dangerRadius": 23.999999999999996,
            "sameRadius": false,
            "softConflict": 1,
            "hardMask": 0,
            "move": 0.7886864633310898
          },
          {
            "craneId": "C4",
            "craneIndex": 3,
            "liftId": "L36",
            "liftIndex": 35,
            "start": 89.71333127158276,
            "finish": 114.71333127158276,
            "travel": 0.0,
            "setup": 0.0,
            "duration": 25.0,
            "fromX": 66.26334474453799,
            "fromY": 66.906810124157,
            "toX": 66.26334474453799,
            "toY": 66.906810124157,
            "radiusCenterX": 66.26334474453799,
            "radiusCenterY": 66.906810124157,
            "liftX": 66.40368992649019,
            "liftY": 53.804600798524916,
            "actualLiftRadius": 13.10296096242287,
            "dangerRadius": 19.10296096242287,
            "sameRadius": true,
            "softConflict": 0,
            "hardMask": 0,
            "move": 0.0
          },
          {
            "craneId": "C1",
            "craneIndex": 0,
            "liftId": "L21",
            "liftIndex": 20,
            "start": 100.0,
            "finish": 125.0,
            "travel": 0.0,
            "setup": 0.0,
            "duration": 25.0,
            "fromX": 31.11770451068878,
            "fromY": 44.930363963358104,
            "toX": 31.11770451068878,
            "toY": 44.930363963358104,
            "radiusCenterX": 31.11770451068878,
            "radiusCenterY": 44.930363963358104,
            "liftX": 39.81682686507702,
            "liftY": 31.567302043549716,
            "actualLiftRadius": 15.945098105977591,
            "dangerRadius": 21.945098105977593,
            "sameRadius": true,
            "softConflict": 0,
            "hardMask": 0,
            "move": 0.0
          },
          {
            "craneId": "C3",
            "craneIndex": 2,
            "liftId": "L27",
            "liftIndex": 26,
            "start": 110.0788686463331,
            "finish": 145.1887130523432,
            "travel": 0.10984440601007443,
            "setup": 10.0,
            "duration": 25.0,
            "fromX": 66.64176595089998,
            "fromY": 20.595491062450865,
            "toX": 65.73171162751925,
            "toY": 21.21061745732158,
            "radiusCenterX": 65.73171162751925,
            "radiusCenterY": 21.21061745732158,
            "liftX": 50.81881945952773,
            "liftY": 31.290580115281045,
            "actualLiftRadius": 18.0,
            "dangerRadius": 24.0,
            "sameRadius": false,
            "softConflict": 0,
            "hardMask": 0,
            "move": 1.0984440601007444
          },
          {
            "craneId": "C4",
            "craneIndex": 3,
            "liftId": "L26",
            "liftIndex": 25,
            "start": 114.71333127158276,
            "finish": 139.71333127158277,
            "travel": 0.0,
            "setup": 0.0,
            "duration": 25.0,
            "fromX": 66.26334474453799,
            "fromY": 66.906810124157,
            "toX": 66.26334474453799,
            "toY": 66.906810124157,
            "radiusCenterX": 66.26334474453799,
            "radiusCenterY": 66.906810124157,
            "liftX": 83.28080530650914,
            "liftY": 62.28252684045583,
            "actualLiftRadius": 17.634567186811292,
            "dangerRadius": 23.634567186811292,
            "sameRadius": true,
            "softConflict": 0,
            "hardMask": 0,
            "move": 0.0
          },
          {
            "craneId": "C1",
            "craneIndex": 0,
            "liftId": "L15",
            "liftIndex": 14,
            "start": 125.0,
            "finish": 160.62170917751817,
            "travel": 0.6217091775181671,
            "setup": 10.0,
            "duration": 25.0,
            "fromX": 31.11770451068878,
            "fromY": 44.930363963358104,
            "toX": 27.846579523889787,
            "toY": 39.64340155931447,
            "radiusCenterX": 27.846579523889787,
            "radiusCenterY": 39.64340155931447,
            "liftX": 18.375873301178217,
            "liftY": 24.336353390477598,
            "actualLiftRadius": 17.999999999999996,
            "dangerRadius": 23.999999999999996,
            "sameRadius": false,
            "softConflict": 0,
            "hardMask": 0,
            "move": 6.217091775181671
          },
          {
            "craneId": "C3",
            "craneIndex": 2,
            "liftId": "L35",
            "liftIndex": 34,
            "start": 145.1887130523432,
            "finish": 183.16906762668668,
            "travel": 2.9803545743435045,
            "setup": 10.0,
            "duration": 25.0,
            "fromX": 65.73171162751925,
            "fromY": 21.21061745732158,
            "toX": 78.97174014579434,
            "toY": 47.911796901613684,
            "radiusCenterX": 78.97174014579434,
            "radiusCenterY": 47.911796901613684,
            "liftX": 86.96812136098742,
            "liftY": 64.03810731228441,
            "actualLiftRadius": 17.999999999999996,
            "dangerRadius": 23.999999999999996,
            "sameRadius": false,
            "softConflict": 0,
            "hardMask": 0,
            "move": 29.803545743435045
          },
          {
            "craneId": "C4",
            "craneIndex": 3,
            "liftId": "L31",
            "liftIndex": 30,
            "start": 139.71333127158277,
            "finish": 176.21786878224225,
            "travel": 1.5045375106594758,
            "setup": 10.0,
            "duration": 25.0,
            "fromX": 66.26334474453799,
            "fromY": 66.906810124157,
            "toX": 52.938395307863445,
            "toY": 73.89315642306089,
            "radiusCenterX": 52.938395307863445,
            "radiusCenterY": 73.89315642306089,
            "liftX": 36.99667978659272,
            "liftY": 82.25148796942085,
            "actualLiftRadius": 18.0,
            "dangerRadius": 24.0,
            "sameRadius": false,
            "softConflict": 1,
            "hardMask": 0,
            "move": 15.045375106594758
          },
          {
            "craneId": "C1",
            "craneIndex": 0,
            "liftId": "L34",
            "liftIndex": 33,
            "start": 160.62170917751817,
            "finish": 196.174060422406,
            "travel": 0.552351244887822,
            "setup": 10.0,
            "duration": 25.0,
            "fromX": 27.846579523889787,
            "fromY": 39.64340155931447,
            "toX": 28.057140591426865,
            "toY": 34.123903954482095,
            "radiusCenterX": 28.057140591426865,
            "radiusCenterY": 34.123903954482095,
            "liftX": 28.74331614561379,
            "liftY": 16.136987511999905,
            "actualLiftRadius": 17.999999999999996,
            "dangerRadius": 23.999999999999996,
            "sameRadius": false,
            "softConflict": 0,
            "hardMask": 0,
            "move": 5.523512448878219
          },
          {
            "craneId": "C3",
            "craneIndex": 2,
            "liftId": "L9",
            "liftIndex": 8,
            "start": 183.16906762668668,
            "finish": 219.84625911866496,
            "travel": 1.6771914919782784,
            "setup": 10.0,
            "duration": 25.0,
            "fromX": 78.97174014579434,
            "fromY": 47.911796901613684,
            "toX": 79.97191516893898,
            "toY": 64.65386308233074,
            "radiusCenterX": 79.97191516893898,
            "radiusCenterY": 64.65386308233074,
            "liftX": 81.0453257188201,
            "liftY": 82.6218287376687,
            "actualLiftRadius": 18.000000000000004,
            "dangerRadius": 24.000000000000004,
            "sameRadius": false,
            "softConflict": 0,
            "hardMask": 0,
            "move": 16.771914919782784
          },
          {
            "craneId": "C4",
            "craneIndex": 3,
            "liftId": "L14",
            "liftIndex": 13,
            "start": 176.21786878224225,
            "finish": 212.86864757742626,
            "travel": 1.6507787951839983,
            "setup": 10.0,
            "duration": 25.0,
            "fromX": 52.938395307863445,
            "fromY": 73.89315642306089,
            "toX": 36.50329756637386,
            "toY": 75.44061410926662,
            "radiusCenterX": 36.50329756637386,
            "radiusCenterY": 75.44061410926662,
            "liftX": 18.582558566704392,
            "liftY": 77.12795334775001,
            "actualLiftRadius": 17.999999999999996,
            "dangerRadius": 23.999999999999996,
            "sameRadius": false,
            "softConflict": 0,
            "hardMask": 0,
            "move": 16.507787951839983
          },
          {
            "craneId": "C1",
            "craneIndex": 0,
            "liftId": "L28",
            "liftIndex": 27,
            "start": 196.174060422406,
            "finish": 221.174060422406,
            "travel": 0.0,
            "setup": 0.0,
            "duration": 25.0,
            "fromX": 28.057140591426865,
            "fromY": 34.123903954482095,
            "toX": 28.057140591426865,
            "toY": 34.123903954482095,
            "radiusCenterX": 28.057140591426865,
            "radiusCenterY": 34.123903954482095,
            "liftX": 16.69609790109098,
            "liftY": 20.188523181714118,
            "actualLiftRadius": 17.97965873685221,
            "dangerRadius": 23.97965873685221,
            "sameRadius": true,
            "softConflict": 0,
            "hardMask": 0,
            "move": 0.0
          },
          {
            "craneId": "C3",
            "craneIndex": 2,
            "liftId": "L32",
            "liftIndex": 31,
            "start": 219.84625911866496,
            "finish": 255.01616190049015,
            "travel": 0.16990278182518623,
            "setup": 10.0,
            "duration": 25.0,
            "fromX": 79.97191516893898,
            "fromY": 64.65386308233074,
            "toX": 80.47820687213205,
            "toY": 66.27570285199714,
            "radiusCenterX": 80.47820687213205,
            "radiusCenterY": 66.27570285199714,
            "liftX": 85.84200995974243,
            "liftY": 83.45794998202473,
            "actualLiftRadius": 18.0,
            "dangerRadius": 24.0,
            "sameRadius": false,
            "softConflict": 0,
            "hardMask": 0,
            "move": 1.6990278182518623
          },
          {
            "craneId": "C4",
            "craneIndex": 3,
            "liftId": "L29",
            "liftIndex": 28,
            "start": 212.86864757742626,
            "finish": 237.86864757742626,
            "travel": 0.0,
            "setup": 0.0,
            "duration": 25.0,
            "fromX": 36.50329756637386,
            "fromY": 75.44061410926662,
            "toX": 36.50329756637386,
            "toY": 75.44061410926662,
            "radiusCenterX": 36.50329756637386,
            "radiusCenterY": 75.44061410926662,
            "liftX": 29.378752410411835,
            "liftY": 71.68565047811717,
            "actualLiftRadius": 8.053502067460903,
            "dangerRadius": 14.053502067460903,
            "sameRadius": true,
            "softConflict": 0,
            "hardMask": 0,
            "move": 0.0
          },
          {
            "craneId": "C1",
            "craneIndex": 0,
            "liftId": "L24",
            "liftIndex": 23,
            "start": 221.174060422406,
            "finish": 256.19083892340996,
            "travel": 0.016778501003969635,
            "setup": 10.0,
            "duration": 25.0,
            "fromX": 28.057140591426865,
            "fromY": 34.123903954482095,
            "toX": 27.953955841942427,
            "toY": 33.99159856128947,
            "radiusCenterX": 27.953955841942427,
            "radiusCenterY": 33.99159856128947,
            "liftX": 16.884281082078815,
            "liftY": 19.797856957651675,
            "actualLiftRadius": 18.0,
            "dangerRadius": 24.0,
            "sameRadius": false,
            "softConflict": 0,
            "hardMask": 0,
            "move": 0.16778501003969634
          },
          {
            "craneId": "C3",
            "craneIndex": 2,
            "liftId": "L30",
            "liftIndex": 29,
            "start": 255.01616190049015,
            "finish": 290.9460134432601,
            "travel": 0.9298515427699519,
            "setup": 10.0,
            "duration": 25.0,
            "fromX": 80.47820687213205,
            "fromY": 66.27570285199714,
            "toX": 75.27129692433537,
            "toY": 73.97962899096693,
            "radiusCenterX": 75.27129692433537,
            "radiusCenterY": 73.97962899096693,
            "liftX": 65.19179769791663,
            "liftY": 88.89283439237624,
            "actualLiftRadius": 18.000000000000004,
            "dangerRadius": 24.000000000000004,
            "sameRadius": false,
            "softConflict": 0,
            "hardMask": 0,
            "move": 9.298515427699519
          },
          {
            "craneId": "C4",
            "craneIndex": 3,
            "liftId": "L5",
            "liftIndex": 4,
            "start": 237.86864757742626,
            "finish": 262.86864757742626,
            "travel": 0.0,
            "setup": 0.0,
            "duration": 25.0,
            "fromX": 36.50329756637386,
            "fromY": 75.44061410926662,
            "toX": 36.50329756637386,
            "toY": 75.44061410926662,
            "radiusCenterX": 36.50329756637386,
            "radiusCenterY": 75.44061410926662,
            "liftX": 22.809899106621742,
            "liftY": 79.14015927445143,
            "actualLiftRadius": 14.184350383672282,
            "dangerRadius": 20.18435038367228,
            "sameRadius": true,
            "softConflict": 0,
            "hardMask": 0,
            "move": 0.0
          },
          {
            "craneId": "C1",
            "craneIndex": 0,
            "liftId": "L3",
            "liftIndex": 2,
            "start": 256.19083892340996,
            "finish": 291.8551272386435,
            "travel": 0.6642883152335384,
            "setup": 10.0,
            "duration": 25.0,
            "fromX": 27.953955841942427,
            "fromY": 33.99159856128947,
            "toX": 28.843097177820166,
            "toY": 27.408489549552325,
            "radiusCenterX": 28.843097177820166,
            "radiusCenterY": 27.408489549552325,
            "liftX": 31.252373944967985,
            "liftY": 9.570457554422319,
            "actualLiftRadius": 18.0,
            "dangerRadius": 24.0,
            "sameRadius": false,
            "softConflict": 0,
            "hardMask": 0,
            "move": 6.642883152335384
          },
          {
            "craneId": "C3",
            "craneIndex": 2,
            "liftId": "L17",
            "liftIndex": 16,
            "start": 290.9460134432601,
            "finish": 329.2888088005056,
            "travel": 3.342795357245497,
            "setup": 10.0,
            "duration": 25.0,
            "fromX": 75.27129692433537,
            "fromY": 73.97962899096693,
            "toX": 42.89486176268241,
            "toY": 82.2979537180671,
            "radiusCenterX": 42.89486176268241,
            "radiusCenterY": 82.2979537180671,
            "liftX": 25.461074449121952,
            "liftY": 86.77713443618268,
            "actualLiftRadius": 17.999999999999996,
            "dangerRadius": 23.999999999999996,
            "sameRadius": false,
            "softConflict": 0,
            "hardMask": 0,
            "move": 33.42795357245497
          },
          {
            "craneId": "C1",
            "craneIndex": 0,
            "liftId": "L19",
            "liftIndex": 18,
            "start": 291.8551272386435,
            "finish": 326.98925657988735,
            "travel": 0.13412934124389148,
            "setup": 10.0,
            "duration": 25.0,
            "fromX": 28.843097177820166,
            "fromY": 27.408489549552325,
            "toX": 27.860007131465952,
            "toY": 26.496019287564955,
            "radiusCenterX": 27.860007131465952,
            "radiusCenterY": 26.496019287564955,
            "liftX": 14.66705421730876,
            "liftY": 14.250775582157075,
            "actualLiftRadius": 18.000000000000004,
            "dangerRadius": 24.000000000000004,
            "sameRadius": false,
            "softConflict": 0,
            "hardMask": 0,
            "move": 1.3412934124389146
          },
          {
            "craneId": "C3",
            "craneIndex": 2,
            "liftId": "L4",
            "liftIndex": 3,
            "start": 329.2888088005056,
            "finish": 366.3141610085056,
            "travel": 2.0253522079999895,
            "setup": 10.0,
            "duration": 25.0,
            "fromX": 42.89486176268241,
            "fromY": 82.2979537180671,
            "toX": 27.43245550658061,
            "toY": 69.21670188896806,
            "radiusCenterX": 27.43245550658061,
            "radiusCenterY": 69.21670188896806,
            "liftX": 13.690484529361129,
            "liftY": 57.590944551862776,
            "actualLiftRadius": 17.999999999999996,
            "dangerRadius": 23.999999999999996,
            "sameRadius": false,
            "softConflict": 0,
            "hardMask": 0,
            "move": 20.253522079999893
          },
          {
            "craneId": "C1",
            "craneIndex": 0,
            "liftId": "L18",
            "liftIndex": 17,
            "start": 326.98925657988735,
            "finish": 362.09788745623956,
            "travel": 0.10863087635223237,
            "setup": 10.0,
            "duration": 25.0,
            "fromX": 27.860007131465952,
            "fromY": 26.496019287564955,
            "toX": 27.271903307742544,
            "toY": 25.582673448231734,
            "radiusCenterX": 27.271903307742544,
            "radiusCenterY": 25.582673448231734,
            "liftX": 17.52709669061005,
            "liftY": 10.448647414334118,
            "actualLiftRadius": 18.0,
            "dangerRadius": 24.0,
            "sameRadius": false,
            "softConflict": 0,
            "hardMask": 0,
            "move": 1.0863087635223236
          }
        ],
        "cranes": [
          {
            "id": "C1",
            "x": 31.11770451068878,
            "y": 44.930363963358104,
            "setup_x": 27.271903307742544,
            "setup_y": 25.582673448231734,
            "available": 362.09788745623956,
            "jobs": 12
          },
          {
            "id": "C2",
            "x": 89.90581836737692,
            "y": 42.147667792625725,
            "setup_x": 89.90581836737692,
            "setup_y": 42.147667792625725,
            "available": 100.0,
            "jobs": 4
          },
          {
            "id": "C3",
            "x": 66.5622300542891,
            "y": 19.810825287364423,
            "setup_x": 27.43245550658061,
            "setup_y": 69.21670188896806,
            "available": 366.3141610085056,
            "jobs": 11
          },
          {
            "id": "C4",
            "x": 81.791159985587,
            "y": 22.404718921519816,
            "setup_x": 36.50329756637386,
            "setup_y": 75.44061410926662,
            "available": 262.86864757742626,
            "jobs": 9
          }
        ]
      },
      "nearest": {
        "done": 36,
        "total": 36,
        "makespan": 393.625,
        "reward": 382.37574195861816,
        "softInter": 2,
        "hardExecuted": 0,
        "hardMask": 28,
        "hardInter": 28,
        "travelTotal": 12.08085916069728,
        "setupTotal": 200.0,
        "moveTotal": 120.80859160697281,
        "actualLiftRadiusAvg": 14.603433140660481,
        "actualDangerRadiusAvg": 20.60343314066048,
        "events": [
          {
            "craneId": "C1",
            "craneIndex": 0,
            "liftId": "L7",
            "liftIndex": 6,
            "start": 0.0,
            "finish": 25.0,
            "travel": 0.0,
            "setup": 0.0,
            "duration": 25.0,
            "fromX": 31.11770451068878,
            "fromY": 44.930363963358104,
            "toX": 31.11770451068878,
            "toY": 44.930363963358104,
            "radiusCenterX": 31.11770451068878,
            "radiusCenterY": 44.930363963358104,
            "liftX": 35.26979811862111,
            "liftY": 40.543107523582876,
            "actualLiftRadius": 6.040521533558317,
            "dangerRadius": 12.040521533558316,
            "sameRadius": true,
            "softConflict": 0,
            "hardMask": 0,
            "move": 0.0
          },
          {
            "craneId": "C2",
            "craneIndex": 1,
            "liftId": "L1",
            "liftIndex": 0,
            "start": 0.0,
            "finish": 25.0,
            "travel": 0.0,
            "setup": 0.0,
            "duration": 25.0,
            "fromX": 89.90581836737692,
            "fromY": 42.147667792625725,
            "toX": 89.90581836737692,
            "toY": 42.147667792625725,
            "radiusCenterX": 89.90581836737692,
            "radiusCenterY": 42.147667792625725,
            "liftX": 82.5925524905324,
            "liftY": 40.26401315908879,
            "actualLiftRadius": 7.551954221515361,
            "dangerRadius": 13.551954221515361,
            "sameRadius": true,
            "softConflict": 0,
            "hardMask": 0,
            "move": 0.0
          },
          {
            "craneId": "C3",
            "craneIndex": 2,
            "liftId": "L6",
            "liftIndex": 5,
            "start": 0.0,
            "finish": 25.0,
            "travel": 0.0,
            "setup": 0.0,
            "duration": 25.0,
            "fromX": 66.5622300542891,
            "fromY": 19.810825287364423,
            "toX": 66.5622300542891,
            "toY": 19.810825287364423,
            "radiusCenterX": 66.5622300542891,
            "radiusCenterY": 19.810825287364423,
            "liftX": 53.44601599313319,
            "liftY": 25.600679737515748,
            "actualLiftRadius": 14.337276095967505,
            "dangerRadius": 20.337276095967503,
            "sameRadius": true,
            "softConflict": 0,
            "hardMask": 0,
            "move": 0.0
          },
          {
            "craneId": "C4",
            "craneIndex": 3,
            "liftId": "L2",
            "liftIndex": 1,
            "start": 0.0,
            "finish": 39.71333127158276,
            "travel": 4.713331271582756,
            "setup": 10.0,
            "duration": 25.0,
            "fromX": 81.791159985587,
            "fromY": 22.404718921519816,
            "toX": 66.26334474453799,
            "toY": 66.906810124157,
            "radiusCenterX": 66.26334474453799,
            "radiusCenterY": 66.906810124157,
            "liftX": 60.33334198780358,
            "liftY": 83.90195847023278,
            "actualLiftRadius": 18.0,
            "dangerRadius": 24.0,
            "sameRadius": false,
            "softConflict": 0,
            "hardMask": 0,
            "move": 47.133312715827564
          },
          {
            "craneId": "C1",
            "craneIndex": 0,
            "liftId": "L8",
            "liftIndex": 7,
            "start": 25.0,
            "finish": 50.0,
            "travel": 0.0,
            "setup": 0.0,
            "duration": 25.0,
            "fromX": 31.11770451068878,
            "fromY": 44.930363963358104,
            "toX": 31.11770451068878,
            "toY": 44.930363963358104,
            "radiusCenterX": 31.11770451068878,
            "radiusCenterY": 44.930363963358104,
            "liftX": 15.880401505157351,
            "liftY": 49.14508175943047,
            "actualLiftRadius": 15.809467068276092,
            "dangerRadius": 21.809467068276092,
            "sameRadius": true,
            "softConflict": 0,
            "hardMask": 0,
            "move": 0.0
          },
          {
            "craneId": "C2",
            "craneIndex": 1,
            "liftId": "L23",
            "liftIndex": 22,
            "start": 25.0,
            "finish": 50.0,
            "travel": 0.0,
            "setup": 0.0,
            "duration": 25.0,
            "fromX": 89.90581836737692,
            "fromY": 42.147667792625725,
            "toX": 89.90581836737692,
            "toY": 42.147667792625725,
            "radiusCenterX": 89.90581836737692,
            "radiusCenterY": 42.147667792625725,
            "liftX": 91.58120023086667,
            "liftY": 41.14399306382984,
            "actualLiftRadius": 1.9530149384308029,
            "dangerRadius": 7.953014938430803,
            "sameRadius": true,
            "softConflict": 0,
            "hardMask": 0,
            "move": 0.0
          },
          {
            "craneId": "C3",
            "craneIndex": 2,
            "liftId": "L10",
            "liftIndex": 9,
            "start": 25.0,
            "finish": 50.0,
            "travel": 0.0,
            "setup": 0.0,
            "duration": 25.0,
            "fromX": 66.5622300542891,
            "fromY": 19.810825287364423,
            "toX": 66.5622300542891,
            "toY": 19.810825287364423,
            "radiusCenterX": 66.5622300542891,
            "radiusCenterY": 19.810825287364423,
            "liftX": 51.30927770026028,
            "liftY": 15.29373546410352,
            "actualLiftRadius": 15.907754586543023,
            "dangerRadius": 21.90775458654302,
            "sameRadius": true,
            "softConflict": 0,
            "hardMask": 0,
            "move": 0.0
          },
          {
            "craneId": "C4",
            "craneIndex": 3,
            "liftId": "L12",
            "liftIndex": 11,
            "start": 39.71333127158276,
            "finish": 64.71333127158276,
            "travel": 0.0,
            "setup": 0.0,
            "duration": 25.0,
            "fromX": 66.26334474453799,
            "fromY": 66.906810124157,
            "toX": 66.26334474453799,
            "toY": 66.906810124157,
            "radiusCenterX": 66.26334474453799,
            "radiusCenterY": 66.906810124157,
            "liftX": 66.0504937376827,
            "liftY": 65.9184260154143,
            "actualLiftRadius": 1.0110433707484687,
            "dangerRadius": 7.011043370748469,
            "sameRadius": true,
            "softConflict": 0,
            "hardMask": 0,
            "move": 0.0
          },
          {
            "craneId": "C1",
            "craneIndex": 0,
            "liftId": "L11",
            "liftIndex": 10,
            "start": 50.0,
            "finish": 75.0,
            "travel": 0.0,
            "setup": 0.0,
            "duration": 25.0,
            "fromX": 31.11770451068878,
            "fromY": 44.930363963358104,
            "toX": 31.11770451068878,
            "toY": 44.930363963358104,
            "radiusCenterX": 31.11770451068878,
            "radiusCenterY": 44.930363963358104,
            "liftX": 28.85309663042426,
            "liftY": 48.49846666213125,
            "actualLiftRadius": 4.226086336120971,
            "dangerRadius": 10.226086336120972,
            "sameRadius": true,
            "softConflict": 0,
            "hardMask": 0,
            "move": 0.0
          },
          {
            "craneId": "C2",
            "craneIndex": 1,
            "liftId": "L25",
            "liftIndex": 24,
            "start": 50.0,
            "finish": 75.0,
            "travel": 0.0,
            "setup": 0.0,
            "duration": 25.0,
            "fromX": 89.90581836737692,
            "fromY": 42.147667792625725,
            "toX": 89.90581836737692,
            "toY": 42.147667792625725,
            "radiusCenterX": 89.90581836737692,
            "radiusCenterY": 42.147667792625725,
            "liftX": 83.68214487284422,
            "liftY": 50.024180742911994,
            "actualLiftRadius": 10.038603888119912,
            "dangerRadius": 16.038603888119912,
            "sameRadius": true,
            "softConflict": 0,
            "hardMask": 0,
            "move": 0.0
          },
          {
            "craneId": "C3",
            "craneIndex": 2,
            "liftId": "L22",
            "liftIndex": 21,
            "start": 50.0,
            "finish": 75.0,
            "travel": 0.0,
            "setup": 0.0,
            "duration": 25.0,
            "fromX": 66.5622300542891,
            "fromY": 19.810825287364423,
            "toX": 66.5622300542891,
            "toY": 19.810825287364423,
            "radiusCenterX": 66.5622300542891,
            "radiusCenterY": 19.810825287364423,
            "liftX": 55.26374931074679,
            "liftY": 8.151180517859757,
            "actualLiftRadius": 16.235854867029147,
            "dangerRadius": 22.235854867029147,
            "sameRadius": true,
            "softConflict": 0,
            "hardMask": 0,
            "move": 0.0
          },
          {
            "craneId": "C4",
            "craneIndex": 3,
            "liftId": "L13",
            "liftIndex": 12,
            "start": 64.71333127158276,
            "finish": 89.71333127158276,
            "travel": 0.0,
            "setup": 0.0,
            "duration": 25.0,
            "fromX": 66.26334474453799,
            "fromY": 66.906810124157,
            "toX": 66.26334474453799,
            "toY": 66.906810124157,
            "radiusCenterX": 66.26334474453799,
            "radiusCenterY": 66.906810124157,
            "liftX": 63.89301720261574,
            "liftY": 60.28889368008822,
            "actualLiftRadius": 7.0295996128279725,
            "dangerRadius": 13.029599612827973,
            "sameRadius": true,
            "softConflict": 0,
            "hardMask": 0,
            "move": 0.0
          },
          {
            "craneId": "C1",
            "craneIndex": 0,
            "liftId": "L20",
            "liftIndex": 19,
            "start": 75.0,
            "finish": 100.0,
            "travel": 0.0,
            "setup": 0.0,
            "duration": 25.0,
            "fromX": 31.11770451068878,
            "fromY": 44.930363963358104,
            "toX": 31.11770451068878,
            "toY": 44.930363963358104,
            "radiusCenterX": 31.11770451068878,
            "radiusCenterY": 44.930363963358104,
            "liftX": 24.0555997248739,
            "liftY": 38.961755448020995,
            "actualLiftRadius": 9.246491854491849,
            "dangerRadius": 15.246491854491849,
            "sameRadius": true,
            "softConflict": 0,
            "hardMask": 0,
            "move": 0.0
          },
          {
            "craneId": "C2",
            "craneIndex": 1,
            "liftId": "L33",
            "liftIndex": 32,
            "start": 75.0,
            "finish": 100.0,
            "travel": 0.0,
            "setup": 0.0,
            "duration": 25.0,
            "fromX": 89.90581836737692,
            "fromY": 42.147667792625725,
            "toX": 89.90581836737692,
            "toY": 42.147667792625725,
            "radiusCenterX": 89.90581836737692,
            "radiusCenterY": 42.147667792625725,
            "liftX": 84.02353943139315,
            "liftY": 49.80174939613789,
            "actualLiftRadius": 9.653298434936207,
            "dangerRadius": 15.653298434936207,
            "sameRadius": true,
            "softConflict": 0,
            "hardMask": 0,
            "move": 0.0
          },
          {
            "craneId": "C3",
            "craneIndex": 2,
            "liftId": "L16",
            "liftIndex": 15,
            "start": 75.0,
            "finish": 110.0788686463331,
            "travel": 0.07886864633310899,
            "setup": 10.0,
            "duration": 25.0,
            "fromX": 66.5622300542891,
            "fromY": 19.810825287364423,
            "toX": 66.64176595089998,
            "toY": 20.595491062450865,
            "radiusCenterX": 66.64176595089998,
            "radiusCenterY": 20.595491062450865,
            "liftX": 68.4569944422692,
            "liftY": 38.50372786913067,
            "actualLiftRadius": 17.999999999999996,
            "dangerRadius": 23.999999999999996,
            "sameRadius": false,
            "softConflict": 1,
            "hardMask": 0,
            "move": 0.7886864633310898
          },
          {
            "craneId": "C4",
            "craneIndex": 3,
            "liftId": "L26",
            "liftIndex": 25,
            "start": 89.71333127158276,
            "finish": 114.71333127158276,
            "travel": 0.0,
            "setup": 0.0,
            "duration": 25.0,
            "fromX": 66.26334474453799,
            "fromY": 66.906810124157,
            "toX": 66.26334474453799,
            "toY": 66.906810124157,
            "radiusCenterX": 66.26334474453799,
            "radiusCenterY": 66.906810124157,
            "liftX": 83.28080530650914,
            "liftY": 62.28252684045583,
            "actualLiftRadius": 17.634567186811292,
            "dangerRadius": 23.634567186811292,
            "sameRadius": true,
            "softConflict": 0,
            "hardMask": 0,
            "move": 0.0
          },
          {
            "craneId": "C1",
            "craneIndex": 0,
            "liftId": "L21",
            "liftIndex": 20,
            "start": 100.0,
            "finish": 125.0,
            "travel": 0.0,
            "setup": 0.0,
            "duration": 25.0,
            "fromX": 31.11770451068878,
            "fromY": 44.930363963358104,
            "toX": 31.11770451068878,
            "toY": 44.930363963358104,
            "radiusCenterX": 31.11770451068878,
            "radiusCenterY": 44.930363963358104,
            "liftX": 39.81682686507702,
            "liftY": 31.567302043549716,
            "actualLiftRadius": 15.945098105977591,
            "dangerRadius": 21.945098105977593,
            "sameRadius": true,
            "softConflict": 0,
            "hardMask": 0,
            "move": 0.0
          },
          {
            "craneId": "C3",
            "craneIndex": 2,
            "liftId": "L27",
            "liftIndex": 26,
            "start": 110.0788686463331,
            "finish": 145.1887130523432,
            "travel": 0.10984440601007443,
            "setup": 10.0,
            "duration": 25.0,
            "fromX": 66.64176595089998,
            "fromY": 20.595491062450865,
            "toX": 65.73171162751925,
            "toY": 21.21061745732158,
            "radiusCenterX": 65.73171162751925,
            "radiusCenterY": 21.21061745732158,
            "liftX": 50.81881945952773,
            "liftY": 31.290580115281045,
            "actualLiftRadius": 18.0,
            "dangerRadius": 24.0,
            "sameRadius": false,
            "softConflict": 0,
            "hardMask": 0,
            "move": 1.0984440601007444
          },
          {
            "craneId": "C4",
            "craneIndex": 3,
            "liftId": "L36",
            "liftIndex": 35,
            "start": 114.71333127158276,
            "finish": 139.71333127158277,
            "travel": 0.0,
            "setup": 0.0,
            "duration": 25.0,
            "fromX": 66.26334474453799,
            "fromY": 66.906810124157,
            "toX": 66.26334474453799,
            "toY": 66.906810124157,
            "radiusCenterX": 66.26334474453799,
            "radiusCenterY": 66.906810124157,
            "liftX": 66.40368992649019,
            "liftY": 53.804600798524916,
            "actualLiftRadius": 13.10296096242287,
            "dangerRadius": 19.10296096242287,
            "sameRadius": true,
            "softConflict": 0,
            "hardMask": 0,
            "move": 0.0
          },
          {
            "craneId": "C1",
            "craneIndex": 0,
            "liftId": "L4",
            "liftIndex": 3,
            "start": 125.0,
            "finish": 160.354061970129,
            "travel": 0.3540619701290099,
            "setup": 10.0,
            "duration": 25.0,
            "fromX": 31.11770451068878,
            "fromY": 44.930363963358104,
            "toX": 28.253202037674523,
            "toY": 47.01137656573676,
            "radiusCenterX": 28.253202037674523,
            "radiusCenterY": 47.01137656573676,
            "liftX": 13.690484529361129,
            "liftY": 57.590944551862776,
            "actualLiftRadius": 18.0,
            "dangerRadius": 24.0,
            "sameRadius": false,
            "softConflict": 0,
            "hardMask": 0,
            "move": 3.5406197012900993
          },
          {
            "craneId": "C3",
            "craneIndex": 2,
            "liftId": "L3",
            "liftIndex": 2,
            "start": 145.1887130523432,
            "finish": 182.02783114549771,
            "travel": 1.8391180931545255,
            "setup": 10.0,
            "duration": 25.0,
            "fromX": 65.73171162751925,
            "fromY": 21.21061745732158,
            "toX": 48.30672784058281,
            "toY": 15.327975526876033,
            "radiusCenterX": 48.30672784058281,
            "radiusCenterY": 15.327975526876033,
            "liftX": 31.252373944967985,
            "liftY": 9.570457554422319,
            "actualLiftRadius": 18.0,
            "dangerRadius": 24.0,
            "sameRadius": false,
            "softConflict": 1,
            "hardMask": 0,
            "move": 18.391180931545254
          },
          {
            "craneId": "C4",
            "craneIndex": 3,
            "liftId": "L35",
            "liftIndex": 34,
            "start": 139.71333127158277,
            "finish": 175.00358778828095,
            "travel": 0.29025651669817104,
            "setup": 10.0,
            "duration": 25.0,
            "fromX": 66.26334474453799,
            "fromY": 66.906810124157,
            "toX": 69.13844466251238,
            "toY": 66.50845725264836,
            "radiusCenterX": 69.13844466251238,
            "radiusCenterY": 66.50845725264836,
            "liftX": 86.96812136098742,
            "liftY": 64.03810731228441,
            "actualLiftRadius": 18.0,
            "dangerRadius": 24.0,
            "sameRadius": false,
            "softConflict": 0,
            "hardMask": 0,
            "move": 2.9025651669817103
          },
          {
            "craneId": "C1",
            "craneIndex": 0,
            "liftId": "L29",
            "liftIndex": 28,
            "start": 160.354061970129,
            "finish": 196.02405520239654,
            "travel": 0.6699932322675408,
            "setup": 10.0,
            "duration": 25.0,
            "fromX": 28.253202037674523,
            "fromY": 47.01137656573676,
            "toX": 28.558511024945677,
            "toY": 53.70434896600274,
            "radiusCenterX": 28.558511024945677,
            "radiusCenterY": 53.70434896600274,
            "liftX": 29.378752410411835,
            "liftY": 71.68565047811717,
            "actualLiftRadius": 18.0,
            "dangerRadius": 24.0,
            "sameRadius": false,
            "softConflict": 0,
            "hardMask": 0,
            "move": 6.699932322675408
          },
          {
            "craneId": "C3",
            "craneIndex": 2,
            "liftId": "L34",
            "liftIndex": 33,
            "start": 182.02783114549771,
            "finish": 217.18584436695187,
            "travel": 0.15801322145414703,
            "setup": 10.0,
            "duration": 25.0,
            "fromX": 48.30672784058281,
            "fromY": 15.327975526876033,
            "toX": 46.727944985245394,
            "toY": 15.393263436356797,
            "radiusCenterX": 46.727944985245394,
            "radiusCenterY": 15.393263436356797,
            "liftX": 28.74331614561379,
            "liftY": 16.136987511999905,
            "actualLiftRadius": 18.0,
            "dangerRadius": 24.0,
            "sameRadius": false,
            "softConflict": 0,
            "hardMask": 0,
            "move": 1.5801322145414702
          },
          {
            "craneId": "C4",
            "craneIndex": 3,
            "liftId": "L9",
            "liftIndex": 8,
            "start": 175.00358778828095,
            "finish": 210.20712106003694,
            "travel": 0.20353327175598962,
            "setup": 10.0,
            "duration": 25.0,
            "fromX": 69.13844466251238,
            "fromY": 66.50845725264836,
            "toX": 70.34803099280361,
            "toY": 68.1453690342488,
            "radiusCenterX": 70.34803099280361,
            "radiusCenterY": 68.1453690342488,
            "liftX": 81.0453257188201,
            "liftY": 82.6218287376687,
            "actualLiftRadius": 17.999999999999996,
            "dangerRadius": 23.999999999999996,
            "sameRadius": false,
            "softConflict": 0,
            "hardMask": 0,
            "move": 2.0353327175598963
          },
          {
            "craneId": "C1",
            "craneIndex": 0,
            "liftId": "L14",
            "liftIndex": 13,
            "start": 196.02405520239654,
            "finish": 231.77000270712185,
            "travel": 0.7459475047253041,
            "setup": 10.0,
            "duration": 25.0,
            "fromX": 28.558511024945677,
            "fromY": 53.70434896600274,
            "toX": 25.63561617747856,
            "toY": 60.567325994322225,
            "radiusCenterX": 25.63561617747856,
            "radiusCenterY": 60.567325994322225,
            "liftX": 18.582558566704392,
            "liftY": 77.12795334775001,
            "actualLiftRadius": 17.999999999999996,
            "dangerRadius": 23.999999999999996,
            "sameRadius": false,
            "softConflict": 0,
            "hardMask": 0,
            "move": 7.459475047253041
          },
          {
            "craneId": "C3",
            "craneIndex": 2,
            "liftId": "L18",
            "liftIndex": 17,
            "start": 217.18584436695187,
            "finish": 253.34749723103224,
            "travel": 1.1616528640803792,
            "setup": 10.0,
            "duration": 25.0,
            "fromX": 46.727944985245394,
            "fromY": 15.393263436356797,
            "toX": 35.27445917451968,
            "toY": 13.453830414538448,
            "radiusCenterX": 35.27445917451968,
            "radiusCenterY": 13.453830414538448,
            "liftX": 17.52709669061005,
            "liftY": 10.448647414334118,
            "actualLiftRadius": 18.0,
            "dangerRadius": 24.0,
            "sameRadius": false,
            "softConflict": 0,
            "hardMask": 0,
            "move": 11.616528640803791
          },
          {
            "craneId": "C4",
            "craneIndex": 3,
            "liftId": "L30",
            "liftIndex": 29,
            "start": 210.20712106003694,
            "finish": 245.54497994354165,
            "travel": 0.3378588835047072,
            "setup": 10.0,
            "duration": 25.0,
            "fromX": 70.34803099280361,
            "fromY": 68.1453690342488,
            "toX": 69.53315998445883,
            "toY": 71.42421757543882,
            "radiusCenterX": 69.53315998445883,
            "radiusCenterY": 71.42421757543882,
            "liftX": 65.19179769791663,
            "liftY": 88.89283439237624,
            "actualLiftRadius": 18.0,
            "dangerRadius": 24.0,
            "sameRadius": false,
            "softConflict": 0,
            "hardMask": 0,
            "move": 3.378588835047072
          },
          {
            "craneId": "C1",
            "craneIndex": 0,
            "liftId": "L5",
            "liftIndex": 4,
            "start": 231.77000270712185,
            "finish": 266.84865864426416,
            "travel": 0.07865593714231466,
            "setup": 10.0,
            "duration": 25.0,
            "fromX": 25.63561617747856,
            "fromY": 60.567325994322225,
            "toX": 25.51730849808232,
            "toY": 61.34493703962023,
            "radiusCenterX": 25.51730849808232,
            "radiusCenterY": 61.34493703962023,
            "liftX": 22.809899106621742,
            "liftY": 79.14015927445143,
            "actualLiftRadius": 17.999999999999996,
            "dangerRadius": 23.999999999999996,
            "sameRadius": false,
            "softConflict": 0,
            "hardMask": 0,
            "move": 0.7865593714231466
          },
          {
            "craneId": "C3",
            "craneIndex": 2,
            "liftId": "L24",
            "liftIndex": 23,
            "start": 253.34749723103224,
            "finish": 288.4928643507591,
            "travel": 0.14536711972680633,
            "setup": 10.0,
            "duration": 25.0,
            "fromX": 35.27445917451968,
            "fromY": 13.453830414538448,
            "toX": 33.90025725990288,
            "toY": 13.92788636865177,
            "radiusCenterX": 33.90025725990288,
            "radiusCenterY": 13.92788636865177,
            "liftX": 16.884281082078815,
            "liftY": 19.797856957651675,
            "actualLiftRadius": 18.0,
            "dangerRadius": 24.0,
            "sameRadius": false,
            "softConflict": 0,
            "hardMask": 0,
            "move": 1.4536711972680632
          },
          {
            "craneId": "C4",
            "craneIndex": 3,
            "liftId": "L32",
            "liftIndex": 31,
            "start": 245.54497994354165,
            "finish": 280.771773724738,
            "travel": 0.2267937811963585,
            "setup": 10.0,
            "duration": 25.0,
            "fromX": 69.53315998445883,
            "fromY": 71.42421757543882,
            "toX": 71.35808454618481,
            "toY": 72.77076585268082,
            "radiusCenterX": 71.35808454618481,
            "radiusCenterY": 72.77076585268082,
            "liftX": 85.84200995974243,
            "liftY": 83.45794998202473,
            "actualLiftRadius": 18.00000000000001,
            "dangerRadius": 24.00000000000001,
            "sameRadius": false,
            "softConflict": 0,
            "hardMask": 0,
            "move": 2.267937811963585
          },
          {
            "craneId": "C1",
            "craneIndex": 0,
            "liftId": "L31",
            "liftIndex": 30,
            "start": 266.84865864426416,
            "finish": 302.4337369175286,
            "travel": 0.5850782732644737,
            "setup": 10.0,
            "duration": 25.0,
            "fromX": 25.51730849808232,
            "fromY": 61.34493703962023,
            "toX": 28.333287666116394,
            "toY": 66.47347678401258,
            "radiusCenterX": 28.333287666116394,
            "radiusCenterY": 66.47347678401258,
            "liftX": 36.99667978659272,
            "liftY": 82.25148796942085,
            "actualLiftRadius": 18.0,
            "dangerRadius": 24.0,
            "sameRadius": false,
            "softConflict": 0,
            "hardMask": 0,
            "move": 5.8507827326447375
          },
          {
            "craneId": "C3",
            "craneIndex": 2,
            "liftId": "L28",
            "liftIndex": 27,
            "start": 288.4928643507591,
            "finish": 323.5236529036741,
            "travel": 0.030788552915018315,
            "setup": 10.0,
            "duration": 25.0,
            "fromX": 33.90025725990288,
            "fromY": 13.92788636865177,
            "toX": 33.61093320337336,
            "toY": 14.033172119698099,
            "radiusCenterX": 33.61093320337336,
            "radiusCenterY": 14.033172119698099,
            "liftX": 16.69609790109098,
            "liftY": 20.188523181714118,
            "actualLiftRadius": 17.999999999999996,
            "dangerRadius": 23.999999999999996,
            "sameRadius": false,
            "softConflict": 0,
            "hardMask": 0,
            "move": 0.30788552915018313
          },
          {
            "craneId": "C1",
            "craneIndex": 0,
            "liftId": "L17",
            "liftIndex": 16,
            "start": 302.4337369175286,
            "finish": 337.68431762264703,
            "travel": 0.25058070511843744,
            "setup": 10.0,
            "duration": 25.0,
            "fromX": 28.333287666116394,
            "fromY": 66.47347678401258,
            "toX": 27.982303571041047,
            "toY": 68.9545812039775,
            "radiusCenterX": 27.982303571041047,
            "radiusCenterY": 68.9545812039775,
            "liftX": 25.461074449121952,
            "liftY": 86.77713443618268,
            "actualLiftRadius": 18.000000000000007,
            "dangerRadius": 24.000000000000007,
            "sameRadius": false,
            "softConflict": 0,
            "hardMask": 0,
            "move": 2.5058070511843744
          },
          {
            "craneId": "C3",
            "craneIndex": 2,
            "liftId": "L15",
            "liftIndex": 14,
            "start": 323.5236529036741,
            "finish": 358.56284455905427,
            "travel": 0.03919165538019893,
            "setup": 10.0,
            "duration": 25.0,
            "fromX": 33.61093320337336,
            "fromY": 14.033172119698099,
            "toX": 33.2862866578995,
            "toY": 14.252724404259022,
            "radiusCenterX": 33.2862866578995,
            "radiusCenterY": 14.252724404259022,
            "liftX": 18.375873301178217,
            "liftY": 24.336353390477598,
            "actualLiftRadius": 18.0,
            "dangerRadius": 24.0,
            "sameRadius": false,
            "softConflict": 0,
            "hardMask": 0,
            "move": 0.39191655380198925
          },
          {
            "craneId": "C3",
            "craneIndex": 2,
            "liftId": "L19",
            "liftIndex": 18,
            "start": 358.56284455905427,
            "finish": 393.62476781331225,
            "travel": 0.0619232542579576,
            "setup": 10.0,
            "duration": 25.0,
            "fromX": 33.2862866578995,
            "fromY": 14.252724404259022,
            "toX": 32.66705411871184,
            "toY": 14.252659590950392,
            "radiusCenterX": 32.66705411871184,
            "radiusCenterY": 14.252659590950392,
            "liftX": 14.66705421730876,
            "liftY": 14.250775582157075,
            "actualLiftRadius": 18.0,
            "dangerRadius": 24.0,
            "sameRadius": false,
            "softConflict": 0,
            "hardMask": 0,
            "move": 0.6192325425795759
          }
        ],
        "cranes": [
          {
            "id": "C1",
            "x": 31.11770451068878,
            "y": 44.930363963358104,
            "setup_x": 27.982303571041047,
            "setup_y": 68.9545812039775,
            "available": 337.68431762264703,
            "jobs": 11
          },
          {
            "id": "C2",
            "x": 89.90581836737692,
            "y": 42.147667792625725,
            "setup_x": 89.90581836737692,
            "setup_y": 42.147667792625725,
            "available": 100.0,
            "jobs": 4
          },
          {
            "id": "C3",
            "x": 66.5622300542891,
            "y": 19.810825287364423,
            "setup_x": 32.66705411871184,
            "setup_y": 14.252659590950392,
            "available": 393.62476781331225,
            "jobs": 12
          },
          {
            "id": "C4",
            "x": 81.791159985587,
            "y": 22.404718921519816,
            "setup_x": 71.35808454618481,
            "setup_y": 72.77076585268082,
            "available": 280.771773724738,
            "jobs": 9
          }
        ]
      }
    }
  },
  "elapsedSec": 127.15949058532715,
  "modelPath": "/root/crane_rl_dashboard/python_mappo/outputs_curriculum_stabilized_l2/curriculum_mappo_model.pt",
  "modelStats": {
    "updates": 3760,
    "actorShareMode": "typeShared",
    "craneType": "50톤 모바일 크레인",
    "actorDim": 17,
    "criticDim": 14
  }
}
